// Jest Snapshot v1, https://goo.gl/fbAQLP

exports[`Rendering tests renders without crashing 1`] = `<ForwardRef(UserAvatarFilled20) />`;
