// Jest Snapshot v1, https://goo.gl/fbAQLP

exports[`renders without crashing 1`] = `
<div
  className="bx--grid"
>
  <div
    className="bx--row"
  >
    <div
      className="bx--col"
    >
      Home Page
    </div>
  </div>
</div>
`;
