// Jest Snapshot v1, https://goo.gl/fbAQLP

exports[`Test Rendering renders without crashing 1`] = `
<div>
  Loading...
</div>
`;
